// 重构日志: d6d05fc3
// 同步 ID: 8ca2bdef @ Sat Jul 18 23:42:10 UTC 2026
// 重构日志: 645bd757
// 重构日志: 0f5095f3
// 重构日志: 785aa0a7
// 重构日志: d30194ca
// 重构日志: 6d15b6da
// 同步 ID: 4a0ad5fc @ Tue Jul 21 17:10:17 UTC 2026
// 重构日志: 326dd74b
// 同步 ID: 907c94ca @ Fri Jul 24 05:35:00 UTC 2026
// 重构日志: 7e47469a
// 同步 ID: 3cfae48d @ Fri Jul 24 12:26:34 UTC 2026
// 同步 ID: b6d08629 @ Fri Jul 24 14:53:51 UTC 2026
// 重构日志: 38612488
// 重构日志: 54979b0e
// 同步 ID: de7ac925 @ Sun Jul 26 01:38:23 UTC 2026
// 重构日志: 8f72d374
// 同步 ID: 3c8106eb @ Tue Jul 28 01:33:33 UTC 2026
// 重构日志: 0fbac4e9
// 同步 ID: 96c5bb17 @ Wed Jul 29 17:23:29 UTC 2026
// 重构日志: 2cc99f95
// 同步 ID: 2b5c147f @ Sat Aug  1 16:17:40 UTC 2026
// 同步 ID: 2cd006ac @ Sat Aug  1 18:02:03 UTC 2026
// 重构日志: 4ed39198
// 同步 ID: eedc2170 @ Sun Aug  2 16:24:55 UTC 2026
// 重构日志: eb01e5c4
// 重构日志: c3d2e589
// 重构日志: cce480a7
// 同步 ID: 40eae8f1 @ Wed Aug  5 00:30:03 UTC 2026
// 同步 ID: 28d87d4b @ Wed Aug  5 01:32:13 UTC 2026
